<area shape="rect" href="$classDocument.html#e901b8ccaaeb3d709dd805a96f93f3b9" title="Get the delay object for a eighth note." alt="" coords="287,6,463,30">
<area shape="rect" href="$classDelay.html#0b4da505f4a15671cc04fcd42f59bb27" title="Get the frenquency." alt="" coords="301,54,448,78">
<area shape="rect" href="$classDocument.html#62efe5bd3a18c7e5ebabca145af1d093" title="Get the delay object for a half note." alt="" coords="293,102,456,126">
<area shape="rect" href="$classDelay.html#f5ad6e2de1c3b32bdf0ecb9780ab6ded" title="Get the period." alt="" coords="316,150,433,174">
<area shape="rect" href="$classDocument.html#763d132b45c9da4f80a385680ca9ff99" title="Get the delay object for a quarter note." alt="" coords="284,198,465,222">
<area shape="rect" href="$classDocument.html#47416dc6af7b3967c38f742c9f67f6d8" title="Get the delay object for a sixteenth note." alt="" coords="276,246,473,270">
<area shape="rect" href="$classDocument.html#1ad24b4f1d6de4f02419b1a8d334b638" title="Get the tempo." alt="" coords="303,294,447,318">
<area shape="rect" href="$classDocument.html#f513af534c80fd775b2ea457a62944e9" title="Get the delay object for a thirtysecond note." alt="" coords="267,342,483,366">
<area shape="rect" href="$classDocument.html#45bbe8c1432d298749775c5bd346c648" title="Get the delay object for a whole note." alt="" coords="287,390,463,414">
<area shape="rect" href="$classDocument.html#0112d13462abba75007f155c1d0a125a" title="Get steadiness flag." alt="" coords="305,438,444,462">
<area shape="rect" href="$classDocument.html#2fb23ec7966381ffadc0a3c7092f4dd2" title="Get tempoFromTap flag." alt="" coords="281,486,468,510">
<area shape="rect" href="$classZestMainWindow.html#694d36b7db3e8bdc51d92a535730750d" title="Display a permanent message in status bar." alt="" coords="251,534,499,558">
