<area shape="rect" href="$classDelayCalculator.html#12e87d8a42afb1b3d995ed89e33fc744" title="init and get the only instance." alt="" coords="223,102,409,126">
<area shape="rect" href="$classDelayCalculator.html#c633fbd0b324e3b579b59f3b64603cda" title="Get tempo from app data store and calculate delays." alt="" coords="233,270,399,294">
<area shape="rect" href="$classDelayCalculator.html#f1070d59a9f40fbae39d448416cce8f9" title="DelayCalculator::DelayCalculator" alt="" coords="529,6,740,30">
<area shape="rect" href="$classDelayCalculator.html#2bb0b4166291421de24b7488777dbc74" title="DelayCalculator::getDelayPeriodFromTempoAndMutliplier" alt="" coords="459,54,811,78">
<area shape="rect" href="$classDocument.html#e901b8ccaaeb3d709dd805a96f93f3b9" title="Get the delay object for a eighth note." alt="" coords="547,102,723,126">
<area shape="rect" href="$classDocument.html#62efe5bd3a18c7e5ebabca145af1d093" title="Get the delay object for a half note." alt="" coords="553,150,716,174">
<area shape="rect" href="$classDocument.html#5afd415e8585b0fe2c56d1c020753034" title="get the singleton instance." alt="" coords="557,198,712,222">
<area shape="rect" href="$classDocument.html#5d02b822e328eaa9200b5395537fdcc8" title="Get multiplier." alt="" coords="556,246,713,270">
<area shape="rect" href="$classDocument.html#763d132b45c9da4f80a385680ca9ff99" title="Get the delay object for a quarter note." alt="" coords="544,294,725,318">
<area shape="rect" href="$classDocument.html#47416dc6af7b3967c38f742c9f67f6d8" title="Get the delay object for a sixteenth note." alt="" coords="536,342,733,366">
<area shape="rect" href="$classDocument.html#1ad24b4f1d6de4f02419b1a8d334b638" title="Get the tempo." alt="" coords="563,390,707,414">
<area shape="rect" href="$classDocument.html#f513af534c80fd775b2ea457a62944e9" title="Get the delay object for a thirtysecond note." alt="" coords="527,438,743,462">
<area shape="rect" href="$classDocument.html#45bbe8c1432d298749775c5bd346c648" title="Get the delay object for a whole note." alt="" coords="547,486,723,510">
<area shape="rect" href="$classDelay.html#de240f8868116caac5aee9e719a1bf2c" title="Set the period." alt="" coords="576,534,693,558">
<area shape="rect" href="$classDocument.html#cdbcbe550084e8c20f4f67eb229ad66a" title="Document::Document" alt="" coords="860,198,1007,222">
<area shape="rect" href="$classDocument.html#a315c0174e62aa69daa7363f0762a16a" title="Init vector of Delays." alt="" coords="1057,198,1201,222">
