<area shape="rect" href="$zestmainwindow_8h.html" title="zestmainwindow.h" alt="" coords="524,81,649,105">
<area shape="rect" href="$constants_8h.html" title="../constants.h" alt="" coords="628,305,729,329">
<area shape="rect" href="$tapTempoCalculator_8h.html" title="../../process/tapTempoCalculator.h" alt="" coords="799,81,1017,105">
<area shape="rect" href="$zestaboutdialog_8h.html" title="zestaboutdialog.h" alt="" coords="1095,81,1217,105">
<area shape="rect" href="$observer_8h.html" title="../../dp/observer.h" alt="" coords="363,305,485,329">
<area shape="rect" href="$document_8h.html" title="../../model/document.h" alt="" coords="511,156,663,180">
<area shape="rect" href="$observable_8h.html" title="../dp/observable.h" alt="" coords="424,231,549,255">
<area shape="rect" href="$delay_8h.html" title="delay.h" alt="" coords="624,231,685,255">
<area shape="rect" href="$processor_8h.html" title="processor.h" alt="" coords="760,156,848,180">
<area shape="rect" href="$timeStamper_8h.html" title="../time/timeStamper.h" alt="" coords="872,156,1019,180">
